\BOOKMARK [1][-]{section.1}{Einleitung}{}% 1
\BOOKMARK [1][-]{section.2}{Entwicklung}{}% 2
\BOOKMARK [2][-]{subsection.2.1}{erste Schrittte}{section.2}% 3
\BOOKMARK [3][-]{subsubsection.2.1.1}{Verwendung der VGA Schnittstelle}{subsection.2.1}% 4
\BOOKMARK [3][-]{subsubsection.2.1.2}{Verwendung der ADCs}{subsection.2.1}% 5
\BOOKMARK [1][-]{section.3}{Quellen und Hilfsmittel}{}% 6
